###############################################################################
#
# IAR ELF Linker V9.10.2.313/W64 for ARM                  25/Apr/2025  17:22:18
# Copyright 2007-2021 IAR Systems AB.
#
#    Output file  =  C:\source\helios\Debug\Exe\helios.out
#    Map file     =  C:\source\helios\Debug\List\helios.map
#    Command line =
#        -f C:\source\helios\Debug\Exe\helios.out.rsp
#        (C:\source\helios\Debug\Obj\main.o
#        C:\source\helios\Debug\Obj\Core\startup_stm32f40xx.o
#        C:\source\helios\Debug\Obj\Core\stm32f4xx_it.o
#        C:\source\helios\Debug\Obj\Core\system_stm32f4xx.o --no_out_extension
#        -o C:\source\helios\Debug\Exe\helios.out --redirect
#        _Printf=_PrintfFullNoMb --redirect _Scanf=_ScanfFullNoMb --map
#        C:\source\helios\Debug\List\helios.map --config "C:\Program Files\IAR
#        Systems\Embedded Workbench 9.0\arm\config\linker\ST\stm32f407xG.icf"
#        --semihosting --entry __iar_program_start --vfe --text_out locale)
#
###############################################################################

*******************************************************************************
*** RUNTIME MODEL ATTRIBUTES
***

CppFlavor       = *
__SystemLibrary = DLib
__dlib_version  = 6


*******************************************************************************
*** HEAP SELECTION
***

The basic heap was selected because no calls to memory allocation
functions were found in the application outside of system library
functions, and there are calls to deallocation functions in the
application.


*******************************************************************************
*** PLACEMENT SUMMARY
***

"A0":  place at address 0x800'0000 { ro section .intvec };
"P1":  place in [from 0x800'0000 to 0x80f'ffff] { ro };
define block CSTACK with size = 8K, alignment = 8 { };
define block HEAP with size = 8K, alignment = 8 { };
"P4":  place in [from 0x2000'0000 to 0x2001'bfff] |
                [from 0x2001'c000 to 0x2001'ffff] {
          rw, block CSTACK, block HEAP };

No sections matched the following patterns:

  ro section application_specific_ro  in "P2"
  rw                                  in "P4"
  section .backup_sram                in "P5"
  section .ccram                      in "P3"


  Section   Kind         Address    Size  Object
  -------   ----         -------    ----  ------
"A0":                              0x188
  .intvec   ro code   0x800'0000   0x188  startup_stm32f40xx.o [2]
                    - 0x800'0188   0x188

"P1":                              0x3ec
  .text     ro code   0x800'0188   0x154  system_stm32f4xx.o [2]
  .text     ro code   0x800'02dc    0xa8  main.o [1]
  .text     ro code   0x800'0384    0x22  fpinit_M.o [4]
  .text     ro code   0x800'03a6    0x12  stm32f4xx_it.o [2]
  .text     ro code   0x800'03b8    0x1e  cmain.o [5]
  .text     ro code   0x800'03d6     0x4  low_level_init.o [3]
  .text     ro code   0x800'03da     0x4  exit.o [3]
  .text     ro code   0x800'03e0     0xa  cexit.o [5]
  .text     ro code   0x800'03ec    0x14  exit.o [6]
  .text     ro code   0x800'0400    0x1c  cstartup_M.o [5]
  .text     ro code   0x800'041c    0x10  startup_stm32f40xx.o [2]
  .text     ro code   0x800'042c     0x4  startup_stm32f40xx.o [2]
  .text     ro code   0x800'0430     0x4  startup_stm32f40xx.o [2]
  .text     ro code   0x800'0434     0x4  startup_stm32f40xx.o [2]
  .text     ro code   0x800'0438     0x4  startup_stm32f40xx.o [2]
  .text     ro code   0x800'043c     0x4  startup_stm32f40xx.o [2]
  .text     ro code   0x800'0440     0x4  startup_stm32f40xx.o [2]
  .text     ro code   0x800'0444     0x4  startup_stm32f40xx.o [2]
  .text     ro code   0x800'0448     0x4  startup_stm32f40xx.o [2]
  .text     ro code   0x800'044c     0x4  startup_stm32f40xx.o [2]
  .text     ro code   0x800'0450     0x4  startup_stm32f40xx.o [2]
  .text     ro code   0x800'0454     0x4  startup_stm32f40xx.o [2]
  .text     ro code   0x800'0458     0x4  startup_stm32f40xx.o [2]
  .text     ro code   0x800'045c     0x4  startup_stm32f40xx.o [2]
  .text     ro code   0x800'0460     0x4  startup_stm32f40xx.o [2]
  .text     ro code   0x800'0464     0x4  startup_stm32f40xx.o [2]
  .text     ro code   0x800'0468     0x4  startup_stm32f40xx.o [2]
  .text     ro code   0x800'046c     0x4  startup_stm32f40xx.o [2]
  .text     ro code   0x800'0470     0x4  startup_stm32f40xx.o [2]
  .text     ro code   0x800'0474     0x4  startup_stm32f40xx.o [2]
  .text     ro code   0x800'0478     0x4  startup_stm32f40xx.o [2]
  .text     ro code   0x800'047c     0x4  startup_stm32f40xx.o [2]
  .text     ro code   0x800'0480     0x4  startup_stm32f40xx.o [2]
  .text     ro code   0x800'0484     0x4  startup_stm32f40xx.o [2]
  .text     ro code   0x800'0488     0x4  startup_stm32f40xx.o [2]
  .text     ro code   0x800'048c     0x4  startup_stm32f40xx.o [2]
  .text     ro code   0x800'0490     0x4  startup_stm32f40xx.o [2]
  .text     ro code   0x800'0494     0x4  startup_stm32f40xx.o [2]
  .text     ro code   0x800'0498     0x4  startup_stm32f40xx.o [2]
  .text     ro code   0x800'049c     0x4  startup_stm32f40xx.o [2]
  .text     ro code   0x800'04a0     0x4  startup_stm32f40xx.o [2]
  .text     ro code   0x800'04a4     0x4  startup_stm32f40xx.o [2]
  .text     ro code   0x800'04a8     0x4  startup_stm32f40xx.o [2]
  .text     ro code   0x800'04ac     0x4  startup_stm32f40xx.o [2]
  .text     ro code   0x800'04b0     0x4  startup_stm32f40xx.o [2]
  .text     ro code   0x800'04b4     0x4  startup_stm32f40xx.o [2]
  .text     ro code   0x800'04b8     0x4  startup_stm32f40xx.o [2]
  .text     ro code   0x800'04bc     0x4  startup_stm32f40xx.o [2]
  .text     ro code   0x800'04c0     0x4  startup_stm32f40xx.o [2]
  .text     ro code   0x800'04c4     0x4  startup_stm32f40xx.o [2]
  .text     ro code   0x800'04c8     0x4  startup_stm32f40xx.o [2]
  .text     ro code   0x800'04cc     0x4  startup_stm32f40xx.o [2]
  .text     ro code   0x800'04d0     0x4  startup_stm32f40xx.o [2]
  .text     ro code   0x800'04d4     0x4  startup_stm32f40xx.o [2]
  .text     ro code   0x800'04d8     0x4  startup_stm32f40xx.o [2]
  .text     ro code   0x800'04dc     0x4  startup_stm32f40xx.o [2]
  .text     ro code   0x800'04e0     0x4  startup_stm32f40xx.o [2]
  .text     ro code   0x800'04e4     0x4  startup_stm32f40xx.o [2]
  .text     ro code   0x800'04e8     0x4  startup_stm32f40xx.o [2]
  .text     ro code   0x800'04ec     0x4  startup_stm32f40xx.o [2]
  .text     ro code   0x800'04f0     0x4  startup_stm32f40xx.o [2]
  .text     ro code   0x800'04f4     0x4  startup_stm32f40xx.o [2]
  .text     ro code   0x800'04f8     0x4  startup_stm32f40xx.o [2]
  .text     ro code   0x800'04fc     0x4  startup_stm32f40xx.o [2]
  .text     ro code   0x800'0500     0x4  startup_stm32f40xx.o [2]
  .text     ro code   0x800'0504     0x4  startup_stm32f40xx.o [2]
  .text     ro code   0x800'0508     0x4  startup_stm32f40xx.o [2]
  .text     ro code   0x800'050c     0x4  startup_stm32f40xx.o [2]
  .text     ro code   0x800'0510     0x4  startup_stm32f40xx.o [2]
  .text     ro code   0x800'0514     0x4  startup_stm32f40xx.o [2]
  .text     ro code   0x800'0518     0x4  startup_stm32f40xx.o [2]
  .text     ro code   0x800'051c     0x4  startup_stm32f40xx.o [2]
  .text     ro code   0x800'0520     0x4  startup_stm32f40xx.o [2]
  .text     ro code   0x800'0524     0x4  startup_stm32f40xx.o [2]
  .text     ro code   0x800'0528     0x4  startup_stm32f40xx.o [2]
  .text     ro code   0x800'052c     0x4  startup_stm32f40xx.o [2]
  .text     ro code   0x800'0530     0x4  startup_stm32f40xx.o [2]
  .text     ro code   0x800'0534     0x4  startup_stm32f40xx.o [2]
  .text     ro code   0x800'0538     0x4  startup_stm32f40xx.o [2]
  .text     ro code   0x800'053c     0x4  startup_stm32f40xx.o [2]
  .text     ro code   0x800'0540     0x4  startup_stm32f40xx.o [2]
  .text     ro code   0x800'0544     0x4  startup_stm32f40xx.o [2]
  .text     ro code   0x800'0548     0x4  startup_stm32f40xx.o [2]
  .text     ro code   0x800'054c     0x4  startup_stm32f40xx.o [2]
  .text     ro code   0x800'0550     0x4  startup_stm32f40xx.o [2]
  .text     ro code   0x800'0554     0x4  startup_stm32f40xx.o [2]
  .text     ro code   0x800'0558     0x4  startup_stm32f40xx.o [2]
  .text     ro code   0x800'055c     0x4  startup_stm32f40xx.o [2]
  .text     ro code   0x800'0560     0x4  startup_stm32f40xx.o [2]
  .text     ro code   0x800'0564     0x4  startup_stm32f40xx.o [2]
  .text     ro code   0x800'0568     0x4  startup_stm32f40xx.o [2]
  .text     ro code   0x800'056c     0x4  startup_stm32f40xx.o [2]
  .text     ro code   0x800'0570     0x4  startup_stm32f40xx.o [2]
                    - 0x800'0574   0x3ec

"P4":                             0x2000
  CSTACK             0x2000'0000  0x2000  <Block>
    CSTACK  uninit   0x2000'0000  0x2000  <Block tail>
                   - 0x2000'2000  0x2000

Unused ranges:

         From           To      Size
         ----           --      ----
   0x800'0574   0x80f'ffff  0xf'fa8c
  0x2000'2000  0x2001'bfff  0x1'a000
  0x2001'c000  0x2001'ffff    0x4000



*******************************************************************************
*** MODULE SUMMARY
***

    Module                ro code  rw data
    ------                -------  -------
command line/config:
    --------------------------------------
    Total:

C:\source\helios\Debug\Obj: [1]
    main.o                    168
    --------------------------------------
    Total:                    168

C:\source\helios\Debug\Obj\Core: [2]
    startup_stm32f40xx.o      736
    stm32f4xx_it.o             18
    system_stm32f4xx.o        340
    --------------------------------------
    Total:                  1'094

dl7M_tln.a: [3]
    exit.o                      4
    low_level_init.o            4
    --------------------------------------
    Total:                      8

m7M_tls.a: [4]
    fpinit_M.o                 34
    --------------------------------------
    Total:                     34

rt7M_tl.a: [5]
    cexit.o                    10
    cmain.o                    30
    cstartup_M.o               28
    --------------------------------------
    Total:                     68

shb_l.a: [6]
    exit.o                     20
    --------------------------------------
    Total:                     20

    Gaps                        4
    Linker created                   8'192
------------------------------------------
    Grand Total:            1'396    8'192


*******************************************************************************
*** ENTRY LIST
***

Entry                     Address  Size  Type      Object
-----                     -------  ----  ----      ------
?main                  0x800'03b9        Code  Gb  cmain.o [5]
BusFault_Handler       0x800'03ad   0x2  Code  Gb  stm32f4xx_it.o [2]
CSTACK$$Base          0x2000'0000         --   Gb  - Linker created -
CSTACK$$Limit         0x2000'2000         --   Gb  - Linker created -
DebugMon_Handler       0x800'03b3   0x2  Code  Gb  stm32f4xx_it.o [2]
HardFault_Handler      0x800'03a9   0x2  Code  Gb  stm32f4xx_it.o [2]
MemManage_Handler      0x800'03ab   0x2  Code  Gb  stm32f4xx_it.o [2]
NMI_Handler            0x800'03a7   0x2  Code  Gb  stm32f4xx_it.o [2]
PendSV_Handler         0x800'03b5   0x2  Code  Gb  stm32f4xx_it.o [2]
Region$$Table$$Base           0x0         --   Gb  - Linker created -
Region$$Table$$Limit          0x0         --   Gb  - Linker created -
SVC_Handler            0x800'03b1   0x2  Code  Gb  stm32f4xx_it.o [2]
SetSysClock            0x800'01db  0xce  Code  Lc  system_stm32f4xx.o [2]
SysTick_Handler        0x800'03b7   0x2  Code  Gb  stm32f4xx_it.o [2]
SystemInit             0x800'0189  0x52  Code  Gb  system_stm32f4xx.o [2]
UsageFault_Handler     0x800'03af   0x2  Code  Gb  stm32f4xx_it.o [2]
__cmain                0x800'03b9        Code  Gb  cmain.o [5]
__exit                 0x800'03ed  0x14  Code  Gb  exit.o [6]
__iar_init_vfp         0x800'0385        Code  Gb  fpinit_M.o [4]
__iar_program_start    0x800'0401        Code  Gb  cstartup_M.o [5]
__low_level_init       0x800'03d7   0x4  Code  Gb  low_level_init.o [3]
__vector_table         0x800'0000        Data  Gb  startup_stm32f40xx.o [2]
_call_main             0x800'03c5        Code  Gb  cmain.o [5]
_exit                  0x800'03e1        Code  Gb  cexit.o [5]
delay                  0x800'02dd  0x14  Code  Gb  main.o [1]
exit                   0x800'03db   0x4  Code  Gb  exit.o [3]
init                   0x800'02f1  0x4a  Code  Gb  main.o [1]
main                   0x800'033b  0x2c  Code  Gb  main.o [1]


[1] = C:\source\helios\Debug\Obj
[2] = C:\source\helios\Debug\Obj\Core
[3] = dl7M_tln.a
[4] = m7M_tls.a
[5] = rt7M_tl.a
[6] = shb_l.a

  1'396 bytes of readonly  code memory
  8'192 bytes of readwrite data memory

Errors: none
Warnings: none
